
> floatline-frontend@1.0.0 build
> astro build

[2m20:05:58[22m [34m[vite][39m Re-optimizing dependencies because vite config has changed
[2m20:05:59[22m [34m[types][39m Generated [2m337ms[22m
[2m20:05:59[22m [34m[build][39m output: [34m"static"[39m
[2m20:05:59[22m [34m[build][39m mode: [34m"static"[39m
[2m20:05:59[22m [34m[build][39m directory: [34mC:\dev\floatline\frontend\dist\[39m
[2m20:05:59[22m [34m[build][39m Collecting build info...
[2m20:05:59[22m [34m[build][39m [32m✓ Completed in 395ms.[39m
[2m20:05:59[22m [34m[build][39m Building static entrypoints...
[2m20:05:59[22m [34m[vite][39m [32m✓ built in 383ms[39m
[2m20:05:59[22m [34m[vite][39m [32m✓ built in 322ms[39m
[2m20:05:59[22m [34m[build][39m Rearranging server assets...

[42m[30m generating static routes [39m[49m
[2m20:05:59[22m   [34m├─[39m [2m/index.html[22m [31m(+1.07s)[39m 
[2m20:06:00[22m [32m✓ Completed in 1.11s.
[39m
[2m20:06:00[22m [34m[build][39m [32m✓ Completed in 1.87s.[39m
[2m20:06:00[22m [34m[build][39m 1 page(s) built in [1m2.27s[22m
[2m20:06:00[22m [34m[build][39m [1mComplete![22m
